../Drivers/BSP/STM32F429I-Discovery/stm32f429i_discovery.c:632:13:SPIx_Init.part.0	48	static
../Drivers/BSP/STM32F429I-Discovery/stm32f429i_discovery.c:420:13:I2Cx_Init.part.0	56	static
../Drivers/BSP/STM32F429I-Discovery/stm32f429i_discovery.c:178:10:BSP_GetVersion	0	static
../Drivers/BSP/STM32F429I-Discovery/stm32f429i_discovery.c:190:6:BSP_LED_Init	48	static
../Drivers/BSP/STM32F429I-Discovery/stm32f429i_discovery.c:215:6:BSP_LED_On	0	static
../Drivers/BSP/STM32F429I-Discovery/stm32f429i_discovery.c:227:6:BSP_LED_Off	0	static
../Drivers/BSP/STM32F429I-Discovery/stm32f429i_discovery.c:239:6:BSP_LED_Toggle	0	static
../Drivers/BSP/STM32F429I-Discovery/stm32f429i_discovery.c:254:6:BSP_PB_Init	40	static
../Drivers/BSP/STM32F429I-Discovery/stm32f429i_discovery.c:291:10:BSP_PB_GetState	8	static
../Drivers/BSP/STM32F429I-Discovery/stm32f429i_discovery.c:765:6:LCD_IO_Init	64	static
../Drivers/BSP/STM32F429I-Discovery/stm32f429i_discovery.c:809:6:LCD_IO_WriteData	16	static
../Drivers/BSP/STM32F429I-Discovery/stm32f429i_discovery.c:825:6:LCD_IO_WriteReg	16	static
../Drivers/BSP/STM32F429I-Discovery/stm32f429i_discovery.c:844:10:LCD_IO_ReadData	24	static
../Drivers/BSP/STM32F429I-Discovery/stm32f429i_discovery.c:871:6:LCD_Delay	0	static
../Drivers/BSP/STM32F429I-Discovery/stm32f429i_discovery.c:885:6:IOE_Init	8	static
../Drivers/BSP/STM32F429I-Discovery/stm32f429i_discovery.c:893:6:IOE_ITConfig	40	static
../Drivers/BSP/STM32F429I-Discovery/stm32f429i_discovery.c:904:6:IOE_Write	32	static
../Drivers/BSP/STM32F429I-Discovery/stm32f429i_discovery.c:915:9:IOE_Read	32	static
../Drivers/BSP/STM32F429I-Discovery/stm32f429i_discovery.c:927:6:IOE_WriteMultiple	24	static
../Drivers/BSP/STM32F429I-Discovery/stm32f429i_discovery.c:940:10:IOE_ReadMultiple	24	static
../Drivers/BSP/STM32F429I-Discovery/stm32f429i_discovery.c:949:6:IOE_Delay	0	static
../Drivers/BSP/STM32F429I-Discovery/stm32f429i_discovery.c:959:6:GYRO_IO_Init	48	static
../Drivers/BSP/STM32F429I-Discovery/stm32f429i_discovery.c:992:6:GYRO_IO_Write	40	static
../Drivers/BSP/STM32F429I-Discovery/stm32f429i_discovery.c:1026:6:GYRO_IO_Read	40	static
