../Drivers/BSP/Components/ls016b8uy/ls016b8uy.c:242:10:ls016b8uy_GetLcdPixelWidth	0	static
../Drivers/BSP/Components/ls016b8uy/ls016b8uy.c:396:6:ls016b8uy_SetDisplayWindow	4	static
../Drivers/BSP/Components/ls016b8uy/ls016b8uy.c:262:10:ls016b8uy_ReadID	8	static
../Drivers/BSP/Components/ls016b8uy/ls016b8uy.c:252:10:ls016b8uy_GetLcdPixelHeight	0	static
../Drivers/BSP/Components/ls016b8uy/ls016b8uy.c:275:6:ls016b8uy_SetCursor	32	static
../Drivers/BSP/Components/ls016b8uy/ls016b8uy.c:218:6:ls016b8uy_DisplayOn	8	static
../Drivers/BSP/Components/ls016b8uy/ls016b8uy.c:229:6:ls016b8uy_DisplayOff	8	static
../Drivers/BSP/Components/ls016b8uy/ls016b8uy.c:613:13:ls016b8uy_DrawRGBHLine	48	static
../Drivers/BSP/Components/ls016b8uy/ls016b8uy.c:545:6:ls016b8uy_DrawRGBImage	72	static
../Drivers/BSP/Components/ls016b8uy/ls016b8uy.c:132:6:ls016b8uy_Init	24	static
../Drivers/BSP/Components/ls016b8uy/ls016b8uy.c:508:6:ls016b8uy_DrawBitmap	72	static
../Drivers/BSP/Components/ls016b8uy/ls016b8uy.c:298:6:ls016b8uy_WritePixel	40	static
../Drivers/BSP/Components/ls016b8uy/ls016b8uy.c:443:6:ls016b8uy_DrawHLine	48	static
../Drivers/BSP/Components/ls016b8uy/ls016b8uy.c:328:10:ls016b8uy_ReadPixel	40	static
../Drivers/BSP/Components/ls016b8uy/ls016b8uy.c:484:6:ls016b8uy_DrawVLine	64	static
../Drivers/BSP/Components/ls016b8uy/ls016b8uy.c:357:6:ls016b8uy_WriteReg	16	static
../Drivers/BSP/Components/ls016b8uy/ls016b8uy.c:376:9:ls016b8uy_ReadReg	8	static
